// Jest Snapshot v1, https://goo.gl/fbAQLP

exports[`===== Badge Snapshot Test ===== renders corrently 1`] = `
<span
  className="cmr-badge cmr-badge-error"
>
  <span
    className="cmr-badge-symbol"
  >
    24
  </span>
</span>
`;

exports[`===== Badge Snapshot Test ===== renders corrently with number greater than maximun 1`] = `
<span
  className="cmr-badge cmr-badge-error"
>
  <span
    className="cmr-badge-symbol"
  >
    99+
  </span>
</span>
`;
